0 verbose cli C:\Program Files\nodejs\node.exe C:\Program Files\nodejs\node_modules\npm\bin\npm-cli.js
1 info using npm@8.19.2
2 info using node@v18.12.0
3 timing npm:load:whichnode Completed in 0ms
4 timing config:load:defaults Completed in 1ms
5 timing config:load:file:C:\Program Files\nodejs\node_modules\npm\npmrc Completed in 5ms
6 timing config:load:builtin Completed in 5ms
7 timing config:load:cli Completed in 3ms
8 timing config:load:env Completed in 1ms
9 timing config:load:file:D:\Land-Registration-with-Blockchain-master\client\npm-cache\_cacache\tmp\git-cloneHCHXMS\.npmrc Completed in 0ms
10 timing config:load:project Completed in 9ms
11 timing config:load:file:C:\Users\Asus\.npmrc Completed in 1ms
12 timing config:load:user Completed in 1ms
13 timing config:load:file:C:\Users\Asus\AppData\Roaming\npm\etc\npmrc Completed in 1ms
14 timing config:load:global Completed in 1ms
15 timing config:load:validate Completed in 1ms
16 timing config:load:credentials Completed in 1ms
17 timing config:load:setEnvs Completed in 2ms
18 timing config:load Completed in 25ms
19 timing npm:load:configload Completed in 26ms
20 timing npm:load:mkdirpcache Completed in 1ms
21 timing npm:load:mkdirplogs Completed in 1ms
22 verbose title npm install
23 verbose argv "install" "--force" "--cache" "D:\\Land-Registration-with-Blockchain-master\\client\\npm-cache" "--prefer-offline" "true" "--prefer-online" "false" "--offline" "false" "--no-progress" "--no-save" "--no-audit" "--include" "dev" "--include" "peer" "--include" "optional" "--no-package-lock-only" "--no-dry-run"
24 timing npm:load:setTitle Completed in 2ms
25 timing config:load:flatten Completed in 4ms
26 timing npm:load:display Completed in 5ms
27 verbose logfile logs-max:10 dir:D:\Land-Registration-with-Blockchain-master\client\npm-cache\_logs
28 verbose logfile D:\Land-Registration-with-Blockchain-master\client\npm-cache\_logs\2026-03-31T12_13_38_908Z-debug-0.log
29 timing npm:load:logFile Completed in 8ms
30 timing npm:load:timers Completed in 0ms
31 timing npm:load:configScope Completed in 0ms
32 warn using --force Recommended protections disabled.
33 timing npm:load Completed in 45ms
34 timing arborist:ctor Completed in 2ms
35 silly logfile done cleaning log files
36 timing arborist:ctor Completed in 0ms
37 timing idealTree:init Completed in 16ms
38 timing idealTree:userRequests Completed in 0ms
39 silly idealTree buildDeps
40 silly fetch manifest debug@^2.2.0
41 http fetch GET 200 https://registry.npmjs.org/debug 30ms (cache hit)
42 silly fetch manifest nan@^2.3.3
43 http fetch GET 200 https://registry.npmjs.org/nan 13ms (cache hit)
44 silly fetch manifest typedarray-to-buffer@^3.1.2
45 http fetch GET 200 https://registry.npmjs.org/typedarray-to-buffer 13ms (cache hit)
46 silly fetch manifest yaeti@^0.0.6
47 http fetch GET 200 https://registry.npmjs.org/yaeti 13ms (cache hit)
48 silly fetch manifest buffer-equal@^1.0.0
49 http fetch GET 200 https://registry.npmjs.org/buffer-equal 237ms (cache miss)
50 silly fetch manifest faucet@^0.0.1
51 http fetch GET 200 https://registry.npmjs.org/faucet 36ms (cache miss)
52 silly fetch manifest gulp@git+https://github.com/gulpjs/gulp.git#4.0
53 silly fetch manifest gulp-jshint@^2.0.4
54 http fetch GET 200 https://registry.npmjs.org/gulp-jshint 43ms (cache miss)
55 silly fetch manifest jshint-stylish@^2.2.1
56 http fetch GET 200 https://registry.npmjs.org/jshint-stylish 43ms (cache miss)
57 silly fetch manifest jshint@^2.0.0
58 http fetch GET 200 https://registry.npmjs.org/jshint 41ms (cache miss)
59 silly fetch manifest tape@^4.0.1
60 http fetch GET 200 https://registry.npmjs.org/tape 10ms (cache hit)
61 silly placeDep ROOT buffer-equal@1.0.1 OK for: websocket@1.0.26 want: ^1.0.0
62 silly placeDep ROOT debug@2.6.9 OK for: websocket@1.0.26 want: ^2.2.0
63 silly placeDep ROOT faucet@0.0.1 OK for: websocket@1.0.26 want: ^0.0.1
64 silly placeDep ROOT gulp@ OK for: websocket@1.0.26 want: git+https://github.com/gulpjs/gulp.git#4.0
65 silly placeDep ROOT gulp-jshint@2.1.0 OK for: websocket@1.0.26 want: ^2.0.4
66 silly placeDep ROOT jshint@2.13.6 OK for: websocket@1.0.26 want: ^2.0.0
67 silly placeDep ROOT jshint-stylish@2.2.1 OK for: websocket@1.0.26 want: ^2.2.1
68 silly placeDep ROOT nan@2.26.2 OK for: websocket@1.0.26 want: ^2.3.3
69 silly placeDep ROOT tape@4.17.0 OK for: websocket@1.0.26 want: ^4.0.1
70 silly placeDep ROOT typedarray-to-buffer@3.1.5 OK for: websocket@1.0.26 want: ^3.1.2
71 silly placeDep ROOT yaeti@0.0.6 OK for: websocket@1.0.26 want: ^0.0.6
72 silly fetch manifest ms@2.0.0
73 silly fetch manifest through2@~0.2.3
74 silly fetch manifest tap-parser@~0.4.0
75 silly fetch manifest duplexer@~0.1.1
76 silly fetch manifest sprintf@~0.1.3
77 silly fetch manifest tape@~2.3.2
78 silly fetch manifest minimist@0.0.5
79 silly fetch manifest defined@0.0.0
80 silly fetch manifest lodash@^4.12.0
81 silly fetch manifest rcloader@^0.2.2
82 silly fetch manifest through2@^2.0.0
83 silly fetch manifest minimatch@^3.0.3
84 silly fetch manifest plugin-error@^0.1.2
85 silly fetch manifest cli@~1.0.0
86 silly fetch manifest console-browserify@1.1.x
87 silly fetch manifest exit@0.1.x
88 silly fetch manifest htmlparser2@3.8.x
89 silly fetch manifest lodash@~4.17.21
90 silly fetch manifest minimatch@~3.0.2
91 silly fetch manifest strip-json-comments@1.0.x
92 silly fetch manifest chalk@^1.0.0
93 silly fetch manifest log-symbols@^1.0.0
94 silly fetch manifest plur@^2.1.0
95 silly fetch manifest string-length@^1.0.0
96 silly fetch manifest text-table@^0.2.0
97 silly fetch manifest beeper@^1.1.0
98 silly fetch manifest has@~1.0.3
99 silly fetch manifest glob@~7.2.3
100 silly fetch manifest defined@~1.0.1
101 silly fetch manifest resolve@~1.22.6
102 silly fetch manifest for-each@~0.3.3
103 silly fetch manifest inherits@~2.0.4
104 silly fetch manifest is-regex@~1.1.4
105 silly fetch manifest minimist@~1.2.8
106 silly fetch manifest call-bind@~1.0.2
107 silly fetch manifest dotignore@~0.1.2
108 silly fetch manifest deep-equal@~1.1.1
109 silly fetch manifest mock-property@~1.0.0
110 silly fetch manifest object-inspect@~1.12.3
111 silly fetch manifest @ljharb/resumer@~0.0.1
112 silly fetch manifest @ljharb/through@~2.3.9
113 silly fetch manifest string.prototype.trim@~1.2.8
114 silly fetch manifest is-typedarray@^1.0.0
115 http fetch GET 200 https://registry.npmjs.org/defined 251ms (cache hit)
116 http fetch GET 200 https://registry.npmjs.org/console-browserify 244ms (cache hit)
117 http fetch GET 200 https://registry.npmjs.org/ms 262ms (cache hit)
118 http fetch GET 200 https://registry.npmjs.org/minimist 255ms (cache hit)
119 http fetch GET 200 https://registry.npmjs.org/through2 260ms (cache hit)
120 http fetch GET 200 https://registry.npmjs.org/lodash 255ms (cache hit)
121 http fetch GET 200 https://registry.npmjs.org/exit 249ms (cache hit)
122 http fetch GET 200 https://registry.npmjs.org/through2 256ms (cache hit)
123 http fetch GET 200 https://registry.npmjs.org/lodash 248ms (cache hit)
124 http fetch GET 200 https://registry.npmjs.org/duplexer 265ms (cache hit)
125 http fetch GET 200 https://registry.npmjs.org/strip-json-comments 248ms (cache hit)
126 http fetch GET 200 https://registry.npmjs.org/minimatch 255ms (cache hit)
127 http fetch GET 200 https://registry.npmjs.org/chalk 257ms (cache hit)
128 http fetch GET 200 https://registry.npmjs.org/htmlparser2 264ms (cache hit)
129 http fetch GET 200 https://registry.npmjs.org/glob 255ms (cache hit)
130 http fetch GET 200 https://registry.npmjs.org/string-length 265ms (cache hit)
131 http fetch GET 200 https://registry.npmjs.org/minimist 252ms (cache hit)
132 http fetch GET 200 https://registry.npmjs.org/text-table 268ms (cache hit)
133 http fetch GET 200 https://registry.npmjs.org/resolve 264ms (cache hit)
134 http fetch GET 200 https://registry.npmjs.org/mock-property 253ms (cache hit)
135 http fetch GET 200 https://registry.npmjs.org/inherits 263ms (cache hit)
136 http fetch GET 200 https://registry.npmjs.org/for-each 268ms (cache hit)
137 http fetch GET 200 https://registry.npmjs.org/minimatch 293ms (cache hit)
138 http fetch GET 200 https://registry.npmjs.org/object-inspect 261ms (cache hit)
139 http fetch GET 200 https://registry.npmjs.org/is-regex 271ms (cache hit)
140 http fetch GET 200 https://registry.npmjs.org/call-bind 270ms (cache hit)
141 http fetch GET 200 https://registry.npmjs.org/defined 282ms (cache hit)
142 http fetch GET 200 https://registry.npmjs.org/@ljharb%2fresumer 266ms (cache hit)
143 http fetch GET 200 https://registry.npmjs.org/deep-equal 271ms (cache hit)
144 http fetch GET 200 https://registry.npmjs.org/dotignore 277ms (cache hit)
145 http fetch GET 200 https://registry.npmjs.org/is-typedarray 268ms (cache hit)
146 http fetch GET 200 https://registry.npmjs.org/@ljharb%2fthrough 271ms (cache hit)
147 http fetch GET 200 https://registry.npmjs.org/string.prototype.trim 272ms (cache hit)
148 http fetch GET 200 https://registry.npmjs.org/has 295ms (cache hit)
149 http fetch GET 200 https://registry.npmjs.org/tap-parser 330ms (cache miss)
150 http fetch GET 200 https://registry.npmjs.org/plugin-error 334ms (cache miss)
151 http fetch GET 200 https://registry.npmjs.org/rcloader 338ms (cache miss)
152 http fetch GET 200 https://registry.npmjs.org/sprintf 343ms (cache miss)
153 http fetch GET 200 https://registry.npmjs.org/log-symbols 331ms (cache miss)
154 http fetch GET 200 https://registry.npmjs.org/plur 331ms (cache miss)
155 http fetch GET 200 https://registry.npmjs.org/beeper 503ms (cache miss)
156 http fetch GET 200 https://registry.npmjs.org/cli 519ms (cache miss)
157 timing idealTree:#root Completed in 6559ms
158 timing idealTree:node_modules/buffer-equal Completed in 0ms
159 silly placeDep ROOT ms@2.0.0 OK for: debug@2.6.9 want: 2.0.0
160 timing idealTree:node_modules/debug Completed in 2ms
161 silly placeDep ROOT defined@0.0.0 OK for: faucet@0.0.1 want: 0.0.0
162 silly placeDep ROOT duplexer@0.1.2 OK for: faucet@0.0.1 want: ~0.1.1
163 silly placeDep ROOT minimist@0.0.5 OK for: faucet@0.0.1 want: 0.0.5
164 silly placeDep ROOT sprintf@0.1.5 OK for: faucet@0.0.1 want: ~0.1.3
165 silly placeDep ROOT tap-parser@0.4.3 OK for: faucet@0.0.1 want: ~0.4.0
166 silly placeDep node_modules/faucet tape@2.3.3 OK for: faucet@0.0.1 want: ~2.3.2
167 silly placeDep ROOT through2@0.2.3 OK for: faucet@0.0.1 want: ~0.2.3
168 silly fetch manifest inherits@~2.0.1
169 silly fetch manifest readable-stream@~1.1.11
170 silly fetch manifest jsonify@~0.0.0
171 silly fetch manifest resumer@~0.0.0
172 silly fetch manifest through@~2.3.4
173 silly fetch manifest deep-equal@~0.1.0
174 silly fetch manifest readable-stream@~1.1.9
175 silly fetch manifest xtend@~2.1.1
176 http fetch GET 200 https://registry.npmjs.org/xtend 11ms (cache hit)
177 http fetch GET 200 https://registry.npmjs.org/through 15ms (cache hit)
178 http fetch GET 200 https://registry.npmjs.org/readable-stream 22ms (cache hit)
179 http fetch GET 200 https://registry.npmjs.org/readable-stream 20ms (cache hit)
180 http fetch GET 200 https://registry.npmjs.org/resumer 64ms (cache miss)
181 http fetch GET 200 https://registry.npmjs.org/jsonify 66ms (cache miss)
182 timing idealTree:node_modules/faucet Completed in 77ms
183 timing idealTree:node_modules/defined Completed in 0ms
184 timing idealTree:node_modules/duplexer Completed in 0ms
185 timing idealTree:node_modules/gulp Completed in 1ms
186 silly placeDep ROOT lodash@4.17.23 OK for: gulp-jshint@2.1.0 want: ^4.12.0
187 silly placeDep ROOT minimatch@3.1.5 OK for: gulp-jshint@2.1.0 want: ^3.0.3
188 silly placeDep ROOT plugin-error@0.1.2 OK for: gulp-jshint@2.1.0 want: ^0.1.2
189 silly placeDep ROOT rcloader@0.2.2 OK for: gulp-jshint@2.1.0 want: ^0.2.2
190 silly placeDep node_modules/gulp-jshint through2@2.0.5 OK for: gulp-jshint@2.1.0 want: ^2.0.0
191 silly fetch manifest brace-expansion@^1.1.7
192 silly fetch manifest ansi-cyan@^0.1.1
193 silly fetch manifest ansi-red@^0.1.1
194 silly fetch manifest arr-diff@^1.0.1
195 silly fetch manifest arr-union@^2.0.1
196 silly fetch manifest extend-shallow@^1.1.2
197 silly fetch manifest lodash.assign@^4.2.0
198 silly fetch manifest lodash.isobject@^3.0.2
199 silly fetch manifest lodash.merge@^4.6.0
200 silly fetch manifest rcfinder@^0.1.6
201 silly fetch manifest readable-stream@~2.3.6
202 silly fetch manifest xtend@~4.0.1
203 http fetch GET 200 https://registry.npmjs.org/arr-union 29ms (cache hit)
204 http fetch GET 200 https://registry.npmjs.org/extend-shallow 31ms (cache hit)
205 http fetch GET 200 https://registry.npmjs.org/lodash.merge 29ms (cache hit)
206 http fetch GET 200 https://registry.npmjs.org/brace-expansion 35ms (cache hit)
207 http fetch GET 200 https://registry.npmjs.org/arr-diff 34ms (cache hit)
208 http fetch GET 200 https://registry.npmjs.org/ansi-cyan 60ms (cache miss)
209 http fetch GET 200 https://registry.npmjs.org/lodash.assign 57ms (cache miss)
210 http fetch GET 200 https://registry.npmjs.org/lodash.isobject 61ms (cache miss)
211 http fetch GET 200 https://registry.npmjs.org/ansi-red 328ms (cache miss)
212 http fetch GET 200 https://registry.npmjs.org/rcfinder 360ms (cache miss)
213 timing idealTree:node_modules/gulp-jshint Completed in 374ms
214 silly placeDep ROOT cli@1.0.1 OK for: jshint@2.13.6 want: ~1.0.0
215 silly placeDep ROOT console-browserify@1.1.0 OK for: jshint@2.13.6 want: 1.1.x
216 silly placeDep ROOT exit@0.1.2 OK for: jshint@2.13.6 want: 0.1.x
217 silly placeDep ROOT htmlparser2@3.8.3 OK for: jshint@2.13.6 want: 3.8.x
218 silly placeDep node_modules/jshint minimatch@3.0.8 OK for: jshint@2.13.6 want: ~3.0.2
219 silly placeDep ROOT strip-json-comments@1.0.4 OK for: jshint@2.13.6 want: 1.0.x
220 silly fetch manifest glob@^7.1.1
221 silly fetch manifest date-now@^0.1.4
222 silly fetch manifest domutils@1.5
223 silly fetch manifest entities@1.0
224 silly fetch manifest domhandler@2.3
225 silly fetch manifest domelementtype@1
226 silly fetch manifest readable-stream@1.1
227 http fetch GET 200 https://registry.npmjs.org/domhandler 27ms (cache hit)
228 http fetch GET 200 https://registry.npmjs.org/domelementtype 27ms (cache hit)
229 http fetch GET 200 https://registry.npmjs.org/entities 31ms (cache hit)
230 http fetch GET 200 https://registry.npmjs.org/domutils 34ms (cache hit)
231 http fetch GET 200 https://registry.npmjs.org/date-now 49ms (cache miss)
232 timing idealTree:node_modules/jshint Completed in 58ms
233 silly placeDep ROOT glob@7.2.3 OK for: cli@1.0.1 want: ^7.1.1
234 silly fetch manifest once@^1.3.0
235 silly fetch manifest inflight@^1.0.4
236 silly fetch manifest inherits@2
237 silly fetch manifest fs.realpath@^1.0.0
238 silly fetch manifest path-is-absolute@^1.0.0
239 http fetch GET 200 https://registry.npmjs.org/once 13ms (cache hit)
240 http fetch GET 200 https://registry.npmjs.org/path-is-absolute 11ms (cache hit)
241 http fetch GET 200 https://registry.npmjs.org/fs.realpath 13ms (cache hit)
242 http fetch GET 200 https://registry.npmjs.org/inflight 14ms (cache hit)
243 timing idealTree:node_modules/cli Completed in 18ms
244 silly placeDep ROOT date-now@0.1.4 OK for: console-browserify@1.1.0 want: ^0.1.4
245 timing idealTree:node_modules/console-browserify Completed in 1ms
246 timing idealTree:node_modules/date-now Completed in 0ms
247 timing idealTree:node_modules/exit Completed in 0ms
248 silly placeDep ROOT fs.realpath@1.0.0 OK for: glob@7.2.3 want: ^1.0.0
249 silly placeDep ROOT inflight@1.0.6 OK for: glob@7.2.3 want: ^1.0.4
250 silly placeDep ROOT inherits@2.0.4 OK for: glob@7.2.3 want: 2
251 silly placeDep ROOT once@1.4.0 OK for: glob@7.2.3 want: ^1.3.0
252 silly placeDep ROOT path-is-absolute@1.0.1 OK for: glob@7.2.3 want: ^1.0.0
253 silly fetch manifest wrappy@1
254 http fetch GET 200 https://registry.npmjs.org/wrappy 7ms (cache hit)
255 timing idealTree:node_modules/glob Completed in 13ms
256 timing idealTree:node_modules/fs.realpath Completed in 0ms
257 silly placeDep ROOT domelementtype@1.3.1 OK for: htmlparser2@3.8.3 want: 1
258 silly placeDep ROOT domhandler@2.3.0 OK for: htmlparser2@3.8.3 want: 2.3
259 silly placeDep ROOT domutils@1.5.1 OK for: htmlparser2@3.8.3 want: 1.5
260 silly placeDep ROOT entities@1.0.0 OK for: htmlparser2@3.8.3 want: 1.0
261 silly placeDep ROOT readable-stream@1.1.14 OK for: htmlparser2@3.8.3 want: 1.1
262 silly fetch manifest dom-serializer@0
263 silly fetch manifest isarray@0.0.1
264 silly fetch manifest core-util-is@~1.0.0
265 silly fetch manifest string_decoder@~0.10.x
266 http fetch GET 200 https://registry.npmjs.org/isarray 22ms (cache hit)
267 http fetch GET 200 https://registry.npmjs.org/dom-serializer 29ms (cache hit)
268 http fetch GET 200 https://registry.npmjs.org/core-util-is 28ms (cache hit)
269 http fetch GET 200 https://registry.npmjs.org/string_decoder 28ms (cache hit)
270 timing idealTree:node_modules/htmlparser2 Completed in 36ms
271 timing idealTree:node_modules/domelementtype Completed in 0ms
272 timing idealTree:node_modules/domhandler Completed in 0ms
273 silly placeDep ROOT dom-serializer@0.2.2 OK for: domutils@1.5.1 want: 0
274 silly fetch manifest entities@^2.0.0
275 silly fetch manifest domelementtype@^2.0.1
276 timing idealTree:node_modules/domutils Completed in 2ms
277 silly placeDep node_modules/dom-serializer domelementtype@2.3.0 OK for: dom-serializer@0.2.2 want: ^2.0.1
278 silly placeDep node_modules/dom-serializer entities@2.2.0 OK for: dom-serializer@0.2.2 want: ^2.0.0
279 timing idealTree:node_modules/dom-serializer Completed in 3ms
280 timing idealTree:node_modules/entities Completed in 0ms
281 silly placeDep ROOT wrappy@1.0.2 OK for: inflight@1.0.6 want: 1
282 timing idealTree:node_modules/inflight Completed in 1ms
283 timing idealTree:node_modules/inherits Completed in 0ms
284 silly placeDep ROOT beeper@1.1.1 OK for: jshint-stylish@2.2.1 want: ^1.1.0
285 silly placeDep ROOT chalk@1.1.3 OK for: jshint-stylish@2.2.1 want: ^1.0.0
286 silly placeDep ROOT log-symbols@1.0.2 OK for: jshint-stylish@2.2.1 want: ^1.0.0
287 silly placeDep ROOT plur@2.1.2 OK for: jshint-stylish@2.2.1 want: ^2.1.0
288 silly placeDep ROOT string-length@1.0.1 OK for: jshint-stylish@2.2.1 want: ^1.0.0
289 silly placeDep ROOT text-table@0.2.0 OK for: jshint-stylish@2.2.1 want: ^0.2.0
290 silly fetch manifest has-ansi@^2.0.0
291 silly fetch manifest strip-ansi@^3.0.0
292 silly fetch manifest ansi-styles@^2.2.1
293 silly fetch manifest supports-color@^2.0.0
294 silly fetch manifest escape-string-regexp@^1.0.2
295 silly fetch manifest irregular-plurals@^1.0.0
296 http fetch GET 200 https://registry.npmjs.org/has-ansi 17ms (cache hit)
297 http fetch GET 200 https://registry.npmjs.org/strip-ansi 18ms (cache hit)
298 http fetch GET 200 https://registry.npmjs.org/escape-string-regexp 18ms (cache hit)
299 http fetch GET 200 https://registry.npmjs.org/supports-color 20ms (cache hit)
300 http fetch GET 200 https://registry.npmjs.org/ansi-styles 22ms (cache hit)
301 http fetch GET 200 https://registry.npmjs.org/irregular-plurals 54ms (cache miss)
302 timing idealTree:node_modules/jshint-stylish Completed in 67ms
303 timing idealTree:node_modules/beeper Completed in 0ms
304 silly placeDep ROOT ansi-styles@2.2.1 OK for: chalk@1.1.3 want: ^2.2.1
305 silly placeDep ROOT escape-string-regexp@1.0.5 OK for: chalk@1.1.3 want: ^1.0.2
306 silly placeDep ROOT has-ansi@2.0.0 OK for: chalk@1.1.3 want: ^2.0.0
307 silly placeDep ROOT strip-ansi@3.0.1 OK for: chalk@1.1.3 want: ^3.0.0
308 silly placeDep ROOT supports-color@2.0.0 OK for: chalk@1.1.3 want: ^2.0.0
309 silly fetch manifest ansi-regex@^2.0.0
310 http fetch GET 200 https://registry.npmjs.org/ansi-regex 7ms (cache hit)
311 timing idealTree:node_modules/chalk Completed in 13ms
312 timing idealTree:node_modules/ansi-styles Completed in 0ms
313 timing idealTree:node_modules/escape-string-regexp Completed in 0ms
314 silly placeDep ROOT ansi-regex@2.1.1 OK for: has-ansi@2.0.0 want: ^2.0.0
315 timing idealTree:node_modules/has-ansi Completed in 1ms
316 timing idealTree:node_modules/ansi-regex Completed in 0ms
317 timing idealTree:node_modules/lodash Completed in 0ms
318 timing idealTree:node_modules/log-symbols Completed in 0ms
319 silly placeDep ROOT brace-expansion@1.1.13 OK for: minimatch@3.1.5 want: ^1.1.7
320 silly fetch manifest concat-map@0.0.1
321 silly fetch manifest balanced-match@^1.0.0
322 http fetch GET 200 https://registry.npmjs.org/concat-map 11ms (cache hit)
323 http fetch GET 200 https://registry.npmjs.org/balanced-match 10ms (cache hit)
324 timing idealTree:node_modules/minimatch Completed in 14ms
325 silly placeDep ROOT balanced-match@1.0.2 OK for: brace-expansion@1.1.13 want: ^1.0.0
326 silly placeDep ROOT concat-map@0.0.1 OK for: brace-expansion@1.1.13 want: 0.0.1
327 timing idealTree:node_modules/brace-expansion Completed in 3ms
328 timing idealTree:node_modules/balanced-match Completed in 0ms
329 timing idealTree:node_modules/concat-map Completed in 0ms
330 timing idealTree:node_modules/minimist Completed in 0ms
331 timing idealTree:node_modules/ms Completed in 0ms
332 timing idealTree:node_modules/nan Completed in 0ms
333 timing idealTree:node_modules/once Completed in 0ms
334 timing idealTree:node_modules/path-is-absolute Completed in 0ms
335 silly placeDep ROOT ansi-cyan@0.1.1 OK for: plugin-error@0.1.2 want: ^0.1.1
336 silly placeDep ROOT ansi-red@0.1.1 OK for: plugin-error@0.1.2 want: ^0.1.1
337 silly placeDep ROOT arr-diff@1.1.0 OK for: plugin-error@0.1.2 want: ^1.0.1
338 silly placeDep ROOT arr-union@2.1.0 OK for: plugin-error@0.1.2 want: ^2.0.1
339 silly placeDep ROOT extend-shallow@1.1.4 OK for: plugin-error@0.1.2 want: ^1.1.2
340 silly fetch manifest ansi-wrap@0.1.0
341 silly fetch manifest arr-flatten@^1.0.1
342 silly fetch manifest array-slice@^0.2.3
343 silly fetch manifest kind-of@^1.1.0
344 http fetch GET 200 https://registry.npmjs.org/arr-flatten 11ms (cache hit)
345 http fetch GET 200 https://registry.npmjs.org/kind-of 11ms (cache hit)
346 http fetch GET 200 https://registry.npmjs.org/array-slice 43ms (cache miss)
347 http fetch GET 200 https://registry.npmjs.org/ansi-wrap 305ms (cache miss)
348 timing idealTree:node_modules/plugin-error Completed in 312ms
349 silly placeDep ROOT ansi-wrap@0.1.0 OK for: ansi-cyan@0.1.1 want: 0.1.0
350 timing idealTree:node_modules/ansi-cyan Completed in 2ms
351 timing idealTree:node_modules/ansi-red Completed in 0ms
352 timing idealTree:node_modules/ansi-wrap Completed in 0ms
353 silly placeDep ROOT arr-flatten@1.1.0 OK for: arr-diff@1.1.0 want: ^1.0.1
354 silly placeDep ROOT array-slice@0.2.3 OK for: arr-diff@1.1.0 want: ^0.2.3
355 timing idealTree:node_modules/arr-diff Completed in 3ms
356 timing idealTree:node_modules/arr-flatten Completed in 0ms
357 timing idealTree:node_modules/arr-union Completed in 0ms
358 timing idealTree:node_modules/array-slice Completed in 0ms
359 silly placeDep ROOT kind-of@1.1.0 OK for: extend-shallow@1.1.4 want: ^1.1.0
360 timing idealTree:node_modules/extend-shallow Completed in 2ms
361 timing idealTree:node_modules/kind-of Completed in 0ms
362 silly placeDep ROOT irregular-plurals@1.4.0 OK for: plur@2.1.2 want: ^1.0.0
363 timing idealTree:node_modules/plur Completed in 1ms
364 timing idealTree:node_modules/irregular-plurals Completed in 0ms
365 silly placeDep ROOT lodash.assign@4.2.0 OK for: rcloader@0.2.2 want: ^4.2.0
366 silly placeDep ROOT lodash.isobject@3.0.2 OK for: rcloader@0.2.2 want: ^3.0.2
367 silly placeDep ROOT lodash.merge@4.6.2 OK for: rcloader@0.2.2 want: ^4.6.0
368 silly placeDep ROOT rcfinder@0.1.9 OK for: rcloader@0.2.2 want: ^0.1.6
369 silly fetch manifest lodash.clonedeep@^4.3.2
370 http fetch GET 200 https://registry.npmjs.org/lodash.clonedeep 37ms (cache miss)
371 timing idealTree:node_modules/rcloader Completed in 43ms
372 timing idealTree:node_modules/lodash.assign Completed in 0ms
373 timing idealTree:node_modules/lodash.isobject Completed in 0ms
374 timing idealTree:node_modules/lodash.merge Completed in 0ms
375 silly placeDep ROOT lodash.clonedeep@4.5.0 OK for: rcfinder@0.1.9 want: ^4.3.2
376 timing idealTree:node_modules/rcfinder Completed in 2ms
377 timing idealTree:node_modules/lodash.clonedeep Completed in 0ms
378 silly placeDep ROOT core-util-is@1.0.3 OK for: readable-stream@1.1.14 want: ~1.0.0
379 silly placeDep ROOT isarray@0.0.1 OK for: readable-stream@1.1.14 want: 0.0.1
380 silly placeDep ROOT string_decoder@0.10.31 OK for: readable-stream@1.1.14 want: ~0.10.x
381 timing idealTree:node_modules/readable-stream Completed in 2ms
382 timing idealTree:node_modules/core-util-is Completed in 0ms
383 timing idealTree:node_modules/isarray Completed in 0ms
384 timing idealTree:node_modules/sprintf Completed in 0ms
385 timing idealTree:node_modules/string_decoder Completed in 0ms
386 timing idealTree:node_modules/string-length Completed in 0ms
387 timing idealTree:node_modules/strip-ansi Completed in 0ms
388 timing idealTree:node_modules/strip-json-comments Completed in 0ms
389 timing idealTree:node_modules/supports-color Completed in 0ms
390 timing idealTree:node_modules/tap-parser Completed in 0ms
391 silly placeDep ROOT @ljharb/resumer@0.0.1 OK for: tape@4.17.0 want: ~0.0.1
392 silly placeDep ROOT @ljharb/through@2.3.14 OK for: tape@4.17.0 want: ~2.3.9
393 silly placeDep ROOT call-bind@1.0.8 OK for: tape@4.17.0 want: ~1.0.2
394 silly placeDep ROOT deep-equal@1.1.2 OK for: tape@4.17.0 want: ~1.1.1
395 silly placeDep node_modules/tape defined@1.0.1 OK for: tape@4.17.0 want: ~1.0.1
396 silly placeDep ROOT dotignore@0.1.2 OK for: tape@4.17.0 want: ~0.1.2
397 silly placeDep ROOT for-each@0.3.5 OK for: tape@4.17.0 want: ~0.3.3
398 silly placeDep ROOT has@1.0.4 OK for: tape@4.17.0 want: ~1.0.3
399 silly placeDep ROOT is-regex@1.1.4 OK for: tape@4.17.0 want: ~1.1.4
400 silly placeDep node_modules/tape minimist@1.2.8 OK for: tape@4.17.0 want: ~1.2.8
401 silly placeDep ROOT mock-property@1.0.3 OK for: tape@4.17.0 want: ~1.0.0
402 silly placeDep ROOT object-inspect@1.12.3 OK for: tape@4.17.0 want: ~1.12.3
403 silly placeDep ROOT resolve@1.22.11 OK for: tape@4.17.0 want: ~1.22.6
404 silly placeDep ROOT string.prototype.trim@1.2.10 OK for: tape@4.17.0 want: ~1.2.8
405 silly fetch manifest call-bind-apply-helpers@^1.0.0
406 silly fetch manifest es-define-property@^1.0.0
407 silly fetch manifest get-intrinsic@^1.2.4
408 silly fetch manifest set-function-length@^1.2.2
409 silly fetch manifest is-arguments@^1.1.1
410 silly fetch manifest is-date-object@^1.0.5
411 silly fetch manifest object-is@^1.1.5
412 silly fetch manifest object-keys@^1.1.1
413 silly fetch manifest regexp.prototype.flags@^1.5.1
414 silly fetch manifest is-callable@^1.2.7
415 silly fetch manifest has-tostringtag@^1.0.0
416 silly fetch manifest gopd@^1.0.1
417 silly fetch manifest hasown@^2.0.0
418 silly fetch manifest isarray@^2.0.5
419 silly fetch manifest define-data-property@^1.1.1
420 silly fetch manifest functions-have-names@^1.2.3
421 silly fetch manifest has-property-descriptors@^1.0.0
422 silly fetch manifest path-parse@^1.0.7
423 silly fetch manifest is-core-module@^2.16.1
424 silly fetch manifest supports-preserve-symlinks-flag@^1.0.0
425 silly fetch manifest call-bound@^1.0.2
426 silly fetch manifest define-data-property@^1.1.4
427 silly fetch manifest define-properties@^1.2.1
428 silly fetch manifest es-abstract@^1.23.5
429 silly fetch manifest es-object-atoms@^1.0.0
430 silly fetch manifest has-property-descriptors@^1.0.2
431 http fetch GET 200 https://registry.npmjs.org/get-intrinsic 93ms (cache hit)
432 http fetch GET 200 https://registry.npmjs.org/set-function-length 94ms (cache hit)
433 http fetch GET 200 https://registry.npmjs.org/es-define-property 96ms (cache hit)
434 http fetch GET 200 https://registry.npmjs.org/object-is 92ms (cache hit)
435 http fetch GET 200 https://registry.npmjs.org/call-bind-apply-helpers 98ms (cache hit)
436 http fetch GET 200 https://registry.npmjs.org/regexp.prototype.flags 92ms (cache hit)
437 http fetch GET 200 https://registry.npmjs.org/hasown 88ms (cache hit)
438 http fetch GET 200 https://registry.npmjs.org/is-callable 92ms (cache hit)
439 http fetch GET 200 https://registry.npmjs.org/is-date-object 96ms (cache hit)
440 http fetch GET 200 https://registry.npmjs.org/functions-have-names 88ms (cache hit)
441 http fetch GET 200 https://registry.npmjs.org/define-properties 83ms (cache hit)
442 http fetch GET 200 https://registry.npmjs.org/has-tostringtag 92ms (cache hit)
443 http fetch GET 200 https://registry.npmjs.org/path-parse 88ms (cache hit)
444 http fetch GET 200 https://registry.npmjs.org/gopd 92ms (cache hit)
445 http fetch GET 200 https://registry.npmjs.org/define-data-property 90ms (cache hit)
446 http fetch GET 200 https://registry.npmjs.org/is-arguments 100ms (cache hit)
447 http fetch GET 200 https://registry.npmjs.org/object-keys 97ms (cache hit)
448 http fetch GET 200 https://registry.npmjs.org/has-property-descriptors 91ms (cache hit)
449 http fetch GET 200 https://registry.npmjs.org/define-data-property 88ms (cache hit)
450 http fetch GET 200 https://registry.npmjs.org/is-core-module 91ms (cache hit)
451 http fetch GET 200 https://registry.npmjs.org/es-abstract 88ms (cache hit)
452 http fetch GET 200 https://registry.npmjs.org/call-bound 95ms (cache hit)
453 http fetch GET 200 https://registry.npmjs.org/has-property-descriptors 92ms (cache hit)
454 http fetch GET 200 https://registry.npmjs.org/supports-preserve-symlinks-flag 97ms (cache hit)
455 http fetch GET 200 https://registry.npmjs.org/es-object-atoms 94ms (cache hit)
456 timing idealTree:node_modules/tape Completed in 135ms
457 timing idealTree:node_modules/@ljharb/resumer Completed in 0ms
458 timing idealTree:node_modules/@ljharb/through Completed in 0ms
459 silly placeDep ROOT call-bind-apply-helpers@1.0.2 OK for: call-bind@1.0.8 want: ^1.0.0
460 silly placeDep ROOT es-define-property@1.0.1 OK for: call-bind@1.0.8 want: ^1.0.0
461 silly placeDep ROOT get-intrinsic@1.3.0 OK for: call-bind@1.0.8 want: ^1.2.4
462 silly placeDep ROOT set-function-length@1.2.2 OK for: call-bind@1.0.8 want: ^1.2.2
463 silly fetch manifest es-errors@^1.3.0
464 silly fetch manifest function-bind@^1.1.2
465 silly fetch manifest gopd@^1.2.0
466 silly fetch manifest hasown@^2.0.2
467 silly fetch manifest get-proto@^1.0.1
468 silly fetch manifest has-symbols@^1.1.0
469 silly fetch manifest es-object-atoms@^1.1.1
470 silly fetch manifest math-intrinsics@^1.1.0
471 http fetch GET 200 https://registry.npmjs.org/has-symbols 17ms (cache hit)
472 http fetch GET 200 https://registry.npmjs.org/es-errors 26ms (cache hit)
473 http fetch GET 200 https://registry.npmjs.org/math-intrinsics 20ms (cache hit)
474 http fetch GET 200 https://registry.npmjs.org/get-proto 24ms (cache hit)
475 http fetch GET 200 https://registry.npmjs.org/function-bind 28ms (cache hit)
476 timing idealTree:node_modules/call-bind Completed in 33ms
477 silly placeDep ROOT es-errors@1.3.0 OK for: call-bind-apply-helpers@1.0.2 want: ^1.3.0
478 silly placeDep ROOT function-bind@1.1.2 OK for: call-bind-apply-helpers@1.0.2 want: ^1.1.2
479 timing idealTree:node_modules/call-bind-apply-helpers Completed in 3ms
480 silly placeDep ROOT is-arguments@1.2.0 OK for: deep-equal@1.1.2 want: ^1.1.1
481 silly placeDep ROOT is-date-object@1.1.0 OK for: deep-equal@1.1.2 want: ^1.0.5
482 silly placeDep ROOT object-is@1.1.6 OK for: deep-equal@1.1.2 want: ^1.1.5
483 silly placeDep ROOT object-keys@1.1.1 OK for: deep-equal@1.1.2 want: ^1.1.1
484 silly placeDep ROOT regexp.prototype.flags@1.5.4 OK for: deep-equal@1.1.2 want: ^1.5.1
485 silly fetch manifest has-tostringtag@^1.0.2
486 silly fetch manifest set-function-name@^2.0.2
487 http fetch GET 200 https://registry.npmjs.org/set-function-name 7ms (cache hit)
488 timing idealTree:node_modules/deep-equal Completed in 15ms
489 timing idealTree:node_modules/dotignore Completed in 0ms
490 timing idealTree:node_modules/es-define-property Completed in 0ms
491 timing idealTree:node_modules/es-errors Completed in 0ms
492 silly placeDep ROOT is-callable@1.2.7 OK for: for-each@0.3.5 want: ^1.2.7
493 timing idealTree:node_modules/for-each Completed in 1ms
494 timing idealTree:node_modules/function-bind Completed in 0ms
495 silly placeDep ROOT es-object-atoms@1.1.1 OK for: get-intrinsic@1.3.0 want: ^1.1.1
496 silly placeDep ROOT get-proto@1.0.1 OK for: get-intrinsic@1.3.0 want: ^1.0.1
497 silly placeDep ROOT gopd@1.2.0 OK for: get-intrinsic@1.3.0 want: ^1.2.0
498 silly placeDep ROOT has-symbols@1.1.0 OK for: get-intrinsic@1.3.0 want: ^1.1.0
499 silly placeDep ROOT hasown@2.0.2 OK for: get-intrinsic@1.3.0 want: ^2.0.2
500 silly placeDep ROOT math-intrinsics@1.1.0 OK for: get-intrinsic@1.3.0 want: ^1.1.0
501 silly fetch manifest dunder-proto@^1.0.1
502 http fetch GET 200 https://registry.npmjs.org/dunder-proto 9ms (cache hit)
503 timing idealTree:node_modules/get-intrinsic Completed in 19ms
504 timing idealTree:node_modules/es-object-atoms Completed in 0ms
505 silly placeDep ROOT dunder-proto@1.0.1 OK for: get-proto@1.0.1 want: ^1.0.1
506 timing idealTree:node_modules/get-proto Completed in 2ms
507 timing idealTree:node_modules/dunder-proto Completed in 1ms
508 timing idealTree:node_modules/gopd Completed in 0ms
509 timing idealTree:node_modules/has Completed in 0ms
510 timing idealTree:node_modules/has-symbols Completed in 0ms
511 timing idealTree:node_modules/hasown Completed in 0ms
512 silly placeDep ROOT call-bound@1.0.4 OK for: is-arguments@1.2.0 want: ^1.0.2
513 silly placeDep ROOT has-tostringtag@1.0.2 OK for: is-arguments@1.2.0 want: ^1.0.2
514 timing idealTree:node_modules/is-arguments Completed in 3ms
515 timing idealTree:node_modules/call-bound Completed in 0ms
516 timing idealTree:node_modules/has-tostringtag Completed in 0ms
517 timing idealTree:node_modules/is-callable Completed in 0ms
518 timing idealTree:node_modules/is-date-object Completed in 0ms
519 timing idealTree:node_modules/is-regex Completed in 0ms
520 timing idealTree:node_modules/math-intrinsics Completed in 0ms
521 silly placeDep ROOT define-data-property@1.1.4 OK for: mock-property@1.0.3 want: ^1.1.1
522 silly placeDep ROOT functions-have-names@1.2.3 OK for: mock-property@1.0.3 want: ^1.2.3
523 silly placeDep ROOT has-property-descriptors@1.0.2 OK for: mock-property@1.0.3 want: ^1.0.0
524 silly placeDep node_modules/mock-property isarray@2.0.5 OK for: mock-property@1.0.3 want: ^2.0.5
525 timing idealTree:node_modules/mock-property Completed in 9ms
526 timing idealTree:node_modules/define-data-property Completed in 0ms
527 timing idealTree:node_modules/functions-have-names Completed in 0ms
528 timing idealTree:node_modules/has-property-descriptors Completed in 0ms
529 timing idealTree:node_modules/object-inspect Completed in 0ms
530 silly placeDep ROOT define-properties@1.2.1 OK for: object-is@1.1.6 want: ^1.2.1
531 timing idealTree:node_modules/object-is Completed in 1ms
532 timing idealTree:node_modules/define-properties Completed in 0ms
533 timing idealTree:node_modules/object-keys Completed in 0ms
534 silly placeDep ROOT set-function-name@2.0.2 OK for: regexp.prototype.flags@1.5.4 want: ^2.0.2
535 timing idealTree:node_modules/regexp.prototype.flags Completed in 1ms
536 silly placeDep ROOT is-core-module@2.16.1 OK for: resolve@1.22.11 want: ^2.16.1
537 silly placeDep ROOT path-parse@1.0.7 OK for: resolve@1.22.11 want: ^1.0.7
538 silly placeDep ROOT supports-preserve-symlinks-flag@1.0.0 OK for: resolve@1.22.11 want: ^1.0.0
539 timing idealTree:node_modules/resolve Completed in 5ms
540 timing idealTree:node_modules/is-core-module Completed in 0ms
541 timing idealTree:node_modules/path-parse Completed in 0ms
542 timing idealTree:node_modules/set-function-length Completed in 0ms
543 timing idealTree:node_modules/set-function-name Completed in 0ms
544 silly placeDep ROOT es-abstract@1.24.1 OK for: string.prototype.trim@1.2.10 want: ^1.23.5
545 silly fetch manifest array-buffer-byte-length@^1.0.2
546 silly fetch manifest arraybuffer.prototype.slice@^1.0.4
547 silly fetch manifest available-typed-arrays@^1.0.7
548 silly fetch manifest data-view-buffer@^1.0.2
549 silly fetch manifest data-view-byte-length@^1.0.2
550 silly fetch manifest data-view-byte-offset@^1.0.1
551 silly fetch manifest es-set-tostringtag@^2.1.0
552 silly fetch manifest es-to-primitive@^1.3.0
553 silly fetch manifest function.prototype.name@^1.1.8
554 silly fetch manifest get-symbol-description@^1.1.0
555 silly fetch manifest globalthis@^1.0.4
556 silly fetch manifest has-proto@^1.2.0
557 silly fetch manifest internal-slot@^1.1.0
558 silly fetch manifest is-array-buffer@^3.0.5
559 silly fetch manifest is-data-view@^1.0.2
560 silly fetch manifest is-negative-zero@^2.0.3
561 silly fetch manifest is-regex@^1.2.1
562 silly fetch manifest is-set@^2.0.3
563 silly fetch manifest is-shared-array-buffer@^1.0.4
564 silly fetch manifest is-string@^1.1.1
565 silly fetch manifest is-typed-array@^1.1.15
566 silly fetch manifest is-weakref@^1.1.1
567 silly fetch manifest object-inspect@^1.13.4
568 silly fetch manifest object.assign@^4.1.7
569 silly fetch manifest own-keys@^1.0.1
570 silly fetch manifest safe-array-concat@^1.1.3
571 silly fetch manifest safe-push-apply@^1.0.0
572 silly fetch manifest safe-regex-test@^1.1.0
573 silly fetch manifest set-proto@^1.0.0
574 silly fetch manifest stop-iteration-iterator@^1.1.0
575 silly fetch manifest string.prototype.trimend@^1.0.9
576 silly fetch manifest string.prototype.trimstart@^1.0.8
577 silly fetch manifest typed-array-buffer@^1.0.3
578 silly fetch manifest typed-array-byte-length@^1.0.3
579 silly fetch manifest typed-array-byte-offset@^1.0.4
580 silly fetch manifest typed-array-length@^1.0.7
581 silly fetch manifest unbox-primitive@^1.1.0
582 silly fetch manifest which-typed-array@^1.1.19
583 http fetch GET 200 https://registry.npmjs.org/array-buffer-byte-length 117ms (cache hit)
584 http fetch GET 200 https://registry.npmjs.org/data-view-buffer 111ms (cache hit)
585 http fetch GET 200 https://registry.npmjs.org/data-view-byte-offset 109ms (cache hit)
586 http fetch GET 200 https://registry.npmjs.org/arraybuffer.prototype.slice 114ms (cache hit)
587 http fetch GET 200 https://registry.npmjs.org/available-typed-arrays 113ms (cache hit)
588 http fetch GET 200 https://registry.npmjs.org/get-symbol-description 105ms (cache hit)
589 http fetch GET 200 https://registry.npmjs.org/function.prototype.name 106ms (cache hit)
590 http fetch GET 200 https://registry.npmjs.org/internal-slot 102ms (cache hit)
591 http fetch GET 200 https://registry.npmjs.org/es-to-primitive 109ms (cache hit)
592 http fetch GET 200 https://registry.npmjs.org/is-typed-array 98ms (cache hit)
593 http fetch GET 200 https://registry.npmjs.org/globalthis 105ms (cache hit)
594 http fetch GET 200 https://registry.npmjs.org/is-string 100ms (cache hit)
595 http fetch GET 200 https://registry.npmjs.org/is-shared-array-buffer 100ms (cache hit)
596 http fetch GET 200 https://registry.npmjs.org/data-view-byte-length 115ms (cache hit)
597 http fetch GET 200 https://registry.npmjs.org/es-set-tostringtag 112ms (cache hit)
598 http fetch GET 200 https://registry.npmjs.org/has-proto 106ms (cache hit)
599 http fetch GET 200 https://registry.npmjs.org/is-negative-zero 104ms (cache hit)
600 http fetch GET 200 https://registry.npmjs.org/is-array-buffer 106ms (cache hit)
601 http fetch GET 200 https://registry.npmjs.org/is-data-view 106ms (cache hit)
602 http fetch GET 200 https://registry.npmjs.org/own-keys 98ms (cache hit)
603 http fetch GET 200 https://registry.npmjs.org/safe-push-apply 97ms (cache hit)
604 http fetch GET 200 https://registry.npmjs.org/object.assign 99ms (cache hit)
605 http fetch GET 200 https://registry.npmjs.org/string.prototype.trimend 94ms (cache hit)
606 http fetch GET 200 https://registry.npmjs.org/stop-iteration-iterator 95ms (cache hit)
607 http fetch GET 200 https://registry.npmjs.org/is-set 107ms (cache hit)
608 http fetch GET 200 https://registry.npmjs.org/is-weakref 103ms (cache hit)
609 http fetch GET 200 https://registry.npmjs.org/unbox-primitive 91ms (cache hit)
610 http fetch GET 200 https://registry.npmjs.org/safe-regex-test 98ms (cache hit)
611 http fetch GET 200 https://registry.npmjs.org/safe-array-concat 100ms (cache hit)
612 http fetch GET 200 https://registry.npmjs.org/typed-array-length 93ms (cache hit)
613 http fetch GET 200 https://registry.npmjs.org/set-proto 98ms (cache hit)
614 http fetch GET 200 https://registry.npmjs.org/typed-array-byte-offset 95ms (cache hit)
615 http fetch GET 200 https://registry.npmjs.org/typed-array-byte-length 95ms (cache hit)
616 http fetch GET 200 https://registry.npmjs.org/typed-array-buffer 96ms (cache hit)
617 http fetch GET 200 https://registry.npmjs.org/which-typed-array 93ms (cache hit)
618 http fetch GET 200 https://registry.npmjs.org/string.prototype.trimstart 98ms (cache hit)
619 timing idealTree:node_modules/string.prototype.trim Completed in 135ms
620 silly placeDep ROOT array-buffer-byte-length@1.0.2 OK for: es-abstract@1.24.1 want: ^1.0.2
621 silly placeDep ROOT arraybuffer.prototype.slice@1.0.4 OK for: es-abstract@1.24.1 want: ^1.0.4
622 silly placeDep ROOT available-typed-arrays@1.0.7 OK for: es-abstract@1.24.1 want: ^1.0.7
623 silly placeDep ROOT data-view-buffer@1.0.2 OK for: es-abstract@1.24.1 want: ^1.0.2
624 silly placeDep ROOT data-view-byte-length@1.0.2 OK for: es-abstract@1.24.1 want: ^1.0.2
625 silly placeDep ROOT data-view-byte-offset@1.0.1 OK for: es-abstract@1.24.1 want: ^1.0.1
626 silly placeDep ROOT es-set-tostringtag@2.1.0 OK for: es-abstract@1.24.1 want: ^2.1.0
627 silly placeDep ROOT es-to-primitive@1.3.0 OK for: es-abstract@1.24.1 want: ^1.3.0
628 silly placeDep ROOT function.prototype.name@1.1.8 OK for: es-abstract@1.24.1 want: ^1.1.8
629 silly placeDep ROOT get-symbol-description@1.1.0 OK for: es-abstract@1.24.1 want: ^1.1.0
630 silly placeDep ROOT globalthis@1.0.4 OK for: es-abstract@1.24.1 want: ^1.0.4
631 silly placeDep ROOT has-proto@1.2.0 OK for: es-abstract@1.24.1 want: ^1.2.0
632 silly placeDep ROOT internal-slot@1.1.0 OK for: es-abstract@1.24.1 want: ^1.1.0
633 silly placeDep ROOT is-array-buffer@3.0.5 OK for: es-abstract@1.24.1 want: ^3.0.5
634 silly placeDep ROOT is-data-view@1.0.2 OK for: es-abstract@1.24.1 want: ^1.0.2
635 silly placeDep ROOT is-negative-zero@2.0.3 OK for: es-abstract@1.24.1 want: ^2.0.3
636 silly placeDep node_modules/es-abstract is-regex@1.2.1 OK for: es-abstract@1.24.1 want: ^1.2.1
637 silly placeDep ROOT is-set@2.0.3 OK for: es-abstract@1.24.1 want: ^2.0.3
638 silly placeDep ROOT is-shared-array-buffer@1.0.4 OK for: es-abstract@1.24.1 want: ^1.0.4
639 silly placeDep ROOT is-string@1.1.1 OK for: es-abstract@1.24.1 want: ^1.1.1
640 silly placeDep ROOT is-typed-array@1.1.15 OK for: es-abstract@1.24.1 want: ^1.1.15
641 silly placeDep ROOT is-weakref@1.1.1 OK for: es-abstract@1.24.1 want: ^1.1.1
642 silly placeDep node_modules/es-abstract object-inspect@1.13.4 OK for: es-abstract@1.24.1 want: ^1.13.4
643 silly placeDep ROOT object.assign@4.1.7 OK for: es-abstract@1.24.1 want: ^4.1.7
644 silly placeDep ROOT own-keys@1.0.1 OK for: es-abstract@1.24.1 want: ^1.0.1
645 silly placeDep ROOT safe-array-concat@1.1.3 OK for: es-abstract@1.24.1 want: ^1.1.3
646 silly placeDep ROOT safe-push-apply@1.0.0 OK for: es-abstract@1.24.1 want: ^1.0.0
647 silly placeDep ROOT safe-regex-test@1.1.0 OK for: es-abstract@1.24.1 want: ^1.1.0
648 silly placeDep ROOT set-proto@1.0.0 OK for: es-abstract@1.24.1 want: ^1.0.0
649 silly placeDep ROOT stop-iteration-iterator@1.1.0 OK for: es-abstract@1.24.1 want: ^1.1.0
650 silly placeDep ROOT string.prototype.trimend@1.0.9 OK for: es-abstract@1.24.1 want: ^1.0.9
651 silly placeDep ROOT string.prototype.trimstart@1.0.8 OK for: es-abstract@1.24.1 want: ^1.0.8
652 silly placeDep ROOT typed-array-buffer@1.0.3 OK for: es-abstract@1.24.1 want: ^1.0.3
653 silly placeDep ROOT typed-array-byte-length@1.0.3 OK for: es-abstract@1.24.1 want: ^1.0.3
654 silly placeDep ROOT typed-array-byte-offset@1.0.4 OK for: es-abstract@1.24.1 want: ^1.0.4
655 silly placeDep ROOT typed-array-length@1.0.7 OK for: es-abstract@1.24.1 want: ^1.0.7
656 silly placeDep ROOT unbox-primitive@1.1.0 OK for: es-abstract@1.24.1 want: ^1.1.0
657 silly placeDep ROOT which-typed-array@1.1.20 OK for: es-abstract@1.24.1 want: ^1.1.19
658 silly fetch manifest possible-typed-array-names@^1.0.0
659 silly fetch manifest is-symbol@^1.0.4
660 silly fetch manifest side-channel@^1.1.0
661 silly fetch manifest reflect.getprototypeof@^1.0.9
662 silly fetch manifest reflect.getprototypeof@^1.0.6
663 silly fetch manifest has-bigints@^1.0.2
664 silly fetch manifest which-boxed-primitive@^1.1.1
665 http fetch GET 200 https://registry.npmjs.org/is-symbol 24ms (cache hit)
666 http fetch GET 200 https://registry.npmjs.org/side-channel 24ms (cache hit)
667 http fetch GET 200 https://registry.npmjs.org/which-boxed-primitive 21ms (cache hit)
668 http fetch GET 200 https://registry.npmjs.org/possible-typed-array-names 26ms (cache hit)
669 http fetch GET 200 https://registry.npmjs.org/reflect.getprototypeof 23ms (cache hit)
670 http fetch GET 200 https://registry.npmjs.org/reflect.getprototypeof 25ms (cache hit)
671 http fetch GET 200 https://registry.npmjs.org/has-bigints 24ms (cache hit)
672 timing idealTree:node_modules/es-abstract Completed in 62ms
673 timing idealTree:node_modules/array-buffer-byte-length Completed in 0ms
674 timing idealTree:node_modules/arraybuffer.prototype.slice Completed in 0ms
675 silly placeDep ROOT possible-typed-array-names@1.1.0 OK for: available-typed-arrays@1.0.7 want: ^1.0.0
676 timing idealTree:node_modules/available-typed-arrays Completed in 1ms
677 timing idealTree:node_modules/data-view-buffer Completed in 0ms
678 timing idealTree:node_modules/data-view-byte-length Completed in 0ms
679 timing idealTree:node_modules/data-view-byte-offset Completed in 0ms
680 timing idealTree:node_modules/es-set-tostringtag Completed in 0ms
681 silly placeDep ROOT is-symbol@1.1.1 OK for: es-to-primitive@1.3.0 want: ^1.0.4
682 timing idealTree:node_modules/es-to-primitive Completed in 1ms
683 timing idealTree:node_modules/function.prototype.name Completed in 0ms
684 timing idealTree:node_modules/get-symbol-description Completed in 0ms
685 timing idealTree:node_modules/globalthis Completed in 0ms
686 timing idealTree:node_modules/has-proto Completed in 0ms
687 silly placeDep ROOT side-channel@1.1.0 OK for: internal-slot@1.1.0 want: ^1.1.0
688 silly fetch manifest object-inspect@^1.13.3
689 silly fetch manifest side-channel-list@^1.0.0
690 silly fetch manifest side-channel-map@^1.0.1
691 silly fetch manifest side-channel-weakmap@^1.0.2
692 http fetch GET 200 https://registry.npmjs.org/side-channel-list 14ms (cache hit)
693 http fetch GET 200 https://registry.npmjs.org/side-channel-map 12ms (cache hit)
694 http fetch GET 200 https://registry.npmjs.org/side-channel-weakmap 13ms (cache hit)
695 timing idealTree:node_modules/internal-slot Completed in 18ms
696 timing idealTree:node_modules/is-array-buffer Completed in 0ms
697 timing idealTree:node_modules/is-data-view Completed in 0ms
698 timing idealTree:node_modules/is-negative-zero Completed in 0ms
699 timing idealTree:node_modules/is-set Completed in 0ms
700 timing idealTree:node_modules/is-shared-array-buffer Completed in 0ms
701 timing idealTree:node_modules/is-string Completed in 0ms
702 timing idealTree:node_modules/is-symbol Completed in 0ms
703 timing idealTree:node_modules/is-typed-array Completed in 0ms
704 timing idealTree:node_modules/is-weakref Completed in 0ms
705 timing idealTree:node_modules/object.assign Completed in 0ms
706 timing idealTree:node_modules/own-keys Completed in 0ms
707 timing idealTree:node_modules/possible-typed-array-names Completed in 0ms
708 silly placeDep node_modules/safe-array-concat isarray@2.0.5 OK for: safe-array-concat@1.1.3 want: ^2.0.5
709 timing idealTree:node_modules/safe-array-concat Completed in 1ms
710 silly placeDep node_modules/safe-push-apply isarray@2.0.5 OK for: safe-push-apply@1.0.0 want: ^2.0.5
711 timing idealTree:node_modules/safe-push-apply Completed in 1ms
712 silly placeDep node_modules/safe-regex-test is-regex@1.2.1 OK for: safe-regex-test@1.1.0 want: ^1.2.1
713 timing idealTree:node_modules/safe-regex-test Completed in 1ms
714 timing idealTree:node_modules/set-proto Completed in 0ms
715 silly placeDep node_modules/side-channel object-inspect@1.13.4 OK for: side-channel@1.1.0 want: ^1.13.3
716 silly placeDep ROOT side-channel-list@1.0.0 OK for: side-channel@1.1.0 want: ^1.0.0
717 silly placeDep ROOT side-channel-map@1.0.1 OK for: side-channel@1.1.0 want: ^1.0.1
718 silly placeDep ROOT side-channel-weakmap@1.0.2 OK for: side-channel@1.1.0 want: ^1.0.2
719 timing idealTree:node_modules/side-channel Completed in 3ms
720 silly placeDep node_modules/side-channel-list object-inspect@1.13.4 OK for: side-channel-list@1.0.0 want: ^1.13.3
721 timing idealTree:node_modules/side-channel-list Completed in 2ms
722 silly placeDep node_modules/side-channel-map object-inspect@1.13.4 OK for: side-channel-map@1.0.1 want: ^1.13.3
723 timing idealTree:node_modules/side-channel-map Completed in 3ms
724 silly placeDep node_modules/side-channel-weakmap object-inspect@1.13.4 OK for: side-channel-weakmap@1.0.2 want: ^1.13.3
725 timing idealTree:node_modules/side-channel-weakmap Completed in 1ms
726 timing idealTree:node_modules/stop-iteration-iterator Completed in 0ms
727 timing idealTree:node_modules/string.prototype.trimend Completed in 0ms
728 timing idealTree:node_modules/string.prototype.trimstart Completed in 0ms
729 timing idealTree:node_modules/supports-preserve-symlinks-flag Completed in 0ms
730 timing idealTree:node_modules/text-table Completed in 0ms
731 silly placeDep ROOT xtend@2.1.2 OK for: through2@0.2.3 want: ~2.1.1
732 silly fetch manifest object-keys@~0.4.0
733 timing idealTree:node_modules/through2 Completed in 2ms
734 timing idealTree:node_modules/typed-array-buffer Completed in 0ms
735 timing idealTree:node_modules/typed-array-byte-length Completed in 0ms
736 silly placeDep ROOT reflect.getprototypeof@1.0.10 OK for: typed-array-byte-offset@1.0.4 want: ^1.0.9
737 silly fetch manifest which-builtin-type@^1.2.1
738 http fetch GET 200 https://registry.npmjs.org/which-builtin-type 6ms (cache hit)
739 timing idealTree:node_modules/typed-array-byte-offset Completed in 10ms
740 silly placeDep ROOT which-builtin-type@1.2.1 OK for: reflect.getprototypeof@1.0.10 want: ^1.2.1
741 silly fetch manifest is-async-function@^2.0.0
742 silly fetch manifest is-finalizationregistry@^1.1.0
743 silly fetch manifest is-generator-function@^1.0.10
744 silly fetch manifest which-boxed-primitive@^1.1.0
745 silly fetch manifest which-collection@^1.0.2
746 http fetch GET 200 https://registry.npmjs.org/is-finalizationregistry 20ms (cache hit)
747 http fetch GET 200 https://registry.npmjs.org/is-generator-function 20ms (cache hit)
748 http fetch GET 200 https://registry.npmjs.org/is-async-function 23ms (cache hit)
749 http fetch GET 200 https://registry.npmjs.org/which-collection 20ms (cache hit)
750 timing idealTree:node_modules/reflect.getprototypeof Completed in 28ms
751 timing idealTree:node_modules/typed-array-length Completed in 0ms
752 silly placeDep ROOT is-typedarray@1.0.0 OK for: typedarray-to-buffer@3.1.5 want: ^1.0.0
753 timing idealTree:node_modules/typedarray-to-buffer Completed in 1ms
754 timing idealTree:node_modules/is-typedarray Completed in 0ms
755 silly placeDep ROOT has-bigints@1.1.0 OK for: unbox-primitive@1.1.0 want: ^1.0.2
756 silly placeDep ROOT which-boxed-primitive@1.1.1 OK for: unbox-primitive@1.1.0 want: ^1.1.1
757 silly fetch manifest is-bigint@^1.1.0
758 silly fetch manifest is-boolean-object@^1.2.1
759 silly fetch manifest is-number-object@^1.1.1
760 http fetch GET 200 https://registry.npmjs.org/is-number-object 10ms (cache hit)
761 http fetch GET 200 https://registry.npmjs.org/is-bigint 13ms (cache hit)
762 http fetch GET 200 https://registry.npmjs.org/is-boolean-object 13ms (cache hit)
763 timing idealTree:node_modules/unbox-primitive Completed in 17ms
764 timing idealTree:node_modules/has-bigints Completed in 0ms
765 silly placeDep ROOT is-bigint@1.1.0 OK for: which-boxed-primitive@1.1.1 want: ^1.1.0
766 silly placeDep ROOT is-boolean-object@1.2.2 OK for: which-boxed-primitive@1.1.1 want: ^1.2.1
767 silly placeDep ROOT is-number-object@1.1.1 OK for: which-boxed-primitive@1.1.1 want: ^1.1.1
768 timing idealTree:node_modules/which-boxed-primitive Completed in 3ms
769 timing idealTree:node_modules/is-bigint Completed in 0ms
770 timing idealTree:node_modules/is-boolean-object Completed in 0ms
771 timing idealTree:node_modules/is-number-object Completed in 0ms
772 silly placeDep ROOT is-async-function@2.1.1 OK for: which-builtin-type@1.2.1 want: ^2.0.0
773 silly placeDep ROOT is-finalizationregistry@1.1.1 OK for: which-builtin-type@1.2.1 want: ^1.1.0
774 silly placeDep ROOT is-generator-function@1.1.2 OK for: which-builtin-type@1.2.1 want: ^1.0.10
775 silly placeDep node_modules/which-builtin-type is-regex@1.2.1 OK for: which-builtin-type@1.2.1 want: ^1.2.1
776 silly placeDep node_modules/which-builtin-type isarray@2.0.5 OK for: which-builtin-type@1.2.1 want: ^2.0.5
777 silly placeDep ROOT which-collection@1.0.2 OK for: which-builtin-type@1.2.1 want: ^1.0.2
778 silly fetch manifest async-function@^1.0.0
779 silly fetch manifest generator-function@^2.0.0
780 silly fetch manifest is-map@^2.0.3
781 silly fetch manifest is-weakmap@^2.0.2
782 silly fetch manifest is-weakset@^2.0.3
783 http fetch GET 200 https://registry.npmjs.org/is-weakset 12ms (cache hit)
784 http fetch GET 200 https://registry.npmjs.org/generator-function 17ms (cache hit)
785 http fetch GET 200 https://registry.npmjs.org/async-function 17ms (cache hit)
786 http fetch GET 200 https://registry.npmjs.org/is-map 18ms (cache hit)
787 http fetch GET 200 https://registry.npmjs.org/is-weakmap 19ms (cache hit)
788 timing idealTree:node_modules/which-builtin-type Completed in 28ms
789 silly placeDep ROOT async-function@1.0.0 OK for: is-async-function@2.1.1 want: ^1.0.0
790 timing idealTree:node_modules/is-async-function Completed in 1ms
791 timing idealTree:node_modules/async-function Completed in 0ms
792 timing idealTree:node_modules/is-finalizationregistry Completed in 0ms
793 silly placeDep ROOT generator-function@2.0.1 OK for: is-generator-function@1.1.2 want: ^2.0.0
794 timing idealTree:node_modules/is-generator-function Completed in 1ms
795 timing idealTree:node_modules/generator-function Completed in 0ms
796 silly placeDep ROOT is-map@2.0.3 OK for: which-collection@1.0.2 want: ^2.0.3
797 silly placeDep ROOT is-weakmap@2.0.2 OK for: which-collection@1.0.2 want: ^2.0.2
798 silly placeDep ROOT is-weakset@2.0.4 OK for: which-collection@1.0.2 want: ^2.0.3
799 timing idealTree:node_modules/which-collection Completed in 3ms
800 timing idealTree:node_modules/is-map Completed in 0ms
801 timing idealTree:node_modules/is-weakmap Completed in 0ms
802 timing idealTree:node_modules/is-weakset Completed in 0ms
803 timing idealTree:node_modules/which-typed-array Completed in 0ms
804 timing idealTree:node_modules/wrappy Completed in 0ms
805 silly placeDep node_modules/xtend object-keys@0.4.0 OK for: xtend@2.1.2 want: ~0.4.0
806 timing idealTree:node_modules/xtend Completed in 1ms
807 timing idealTree:node_modules/yaeti Completed in 0ms
808 timing idealTree:node_modules/dom-serializer/node_modules/domelementtype Completed in 0ms
809 timing idealTree:node_modules/dom-serializer/node_modules/entities Completed in 0ms
810 timing idealTree:node_modules/es-abstract/node_modules/is-regex Completed in 0ms
811 timing idealTree:node_modules/es-abstract/node_modules/object-inspect Completed in 0ms
812 silly placeDep node_modules/faucet deep-equal@0.1.2 OK for: tape@2.3.3 want: ~0.1.0
813 silly placeDep ROOT jsonify@0.0.1 OK for: tape@2.3.3 want: ~0.0.0
814 silly placeDep ROOT resumer@0.0.0 OK for: tape@2.3.3 want: ~0.0.0
815 silly placeDep ROOT through@2.3.8 OK for: tape@2.3.3 want: ~2.3.4
816 timing idealTree:node_modules/faucet/node_modules/tape Completed in 3ms
817 timing idealTree:node_modules/jsonify Completed in 0ms
818 timing idealTree:node_modules/resumer Completed in 0ms
819 timing idealTree:node_modules/through Completed in 0ms
820 timing idealTree:node_modules/faucet/node_modules/deep-equal Completed in 0ms
821 silly placeDep node_modules/gulp-jshint readable-stream@2.3.8 OK for: through2@2.0.5 want: ~2.3.6
822 silly placeDep node_modules/gulp-jshint xtend@4.0.2 OK for: through2@2.0.5 want: ~4.0.1
823 silly fetch manifest isarray@~1.0.0
824 silly fetch manifest safe-buffer@~5.1.1
825 silly fetch manifest string_decoder@~1.1.1
826 silly fetch manifest util-deprecate@~1.0.1
827 silly fetch manifest process-nextick-args@~2.0.0
828 http fetch GET 200 https://registry.npmjs.org/util-deprecate 13ms (cache hit)
829 http fetch GET 200 https://registry.npmjs.org/safe-buffer 15ms (cache hit)
830 http fetch GET 200 https://registry.npmjs.org/process-nextick-args 14ms (cache hit)
831 timing idealTree:node_modules/gulp-jshint/node_modules/through2 Completed in 19ms
832 silly placeDep node_modules/gulp-jshint isarray@1.0.0 OK for: readable-stream@2.3.8 want: ~1.0.0
833 silly placeDep ROOT process-nextick-args@2.0.1 OK for: readable-stream@2.3.8 want: ~2.0.0
834 silly placeDep ROOT safe-buffer@5.1.2 OK for: readable-stream@2.3.8 want: ~5.1.1
835 silly placeDep node_modules/gulp-jshint string_decoder@1.1.1 OK for: readable-stream@2.3.8 want: ~1.1.1
836 silly placeDep ROOT util-deprecate@1.0.2 OK for: readable-stream@2.3.8 want: ~1.0.1
837 timing idealTree:node_modules/gulp-jshint/node_modules/readable-stream Completed in 7ms
838 timing idealTree:node_modules/process-nextick-args Completed in 0ms
839 timing idealTree:node_modules/safe-buffer Completed in 0ms
840 timing idealTree:node_modules/util-deprecate Completed in 0ms
841 timing idealTree:node_modules/gulp-jshint/node_modules/isarray Completed in 0ms
842 timing idealTree:node_modules/gulp-jshint/node_modules/string_decoder Completed in 0ms
843 timing idealTree:node_modules/gulp-jshint/node_modules/xtend Completed in 0ms
844 timing idealTree:node_modules/jshint/node_modules/minimatch Completed in 0ms
845 timing idealTree:node_modules/mock-property/node_modules/isarray Completed in 0ms
846 timing idealTree:node_modules/safe-array-concat/node_modules/isarray Completed in 0ms
847 timing idealTree:node_modules/safe-push-apply/node_modules/isarray Completed in 0ms
848 timing idealTree:node_modules/safe-regex-test/node_modules/is-regex Completed in 0ms
849 timing idealTree:node_modules/side-channel-list/node_modules/object-inspect Completed in 0ms
850 timing idealTree:node_modules/side-channel-map/node_modules/object-inspect Completed in 0ms
851 timing idealTree:node_modules/side-channel-weakmap/node_modules/object-inspect Completed in 0ms
852 timing idealTree:node_modules/side-channel/node_modules/object-inspect Completed in 0ms
853 timing idealTree:node_modules/tape/node_modules/defined Completed in 0ms
854 timing idealTree:node_modules/tape/node_modules/minimist Completed in 1ms
855 timing idealTree:node_modules/which-builtin-type/node_modules/is-regex Completed in 0ms
856 timing idealTree:node_modules/which-builtin-type/node_modules/isarray Completed in 0ms
857 timing idealTree:node_modules/xtend/node_modules/object-keys Completed in 0ms
858 timing idealTree:buildDeps Completed in 8212ms
859 timing idealTree:fixDepFlags Completed in 2ms
860 timing idealTree Completed in 8233ms
861 timing command:install Completed in 8242ms
862 verbose stack Error: The git reference could not be found
862 verbose stack     at makeError (C:\Program Files\nodejs\node_modules\npm\node_modules\@npmcli\git\lib\make-error.js:26:13)
862 verbose stack     at C:\Program Files\nodejs\node_modules\npm\node_modules\@npmcli\git\lib\spawn.js:37:26
862 verbose stack     at process.processTicksAndRejections (node:internal/process/task_queues:95:5)
862 verbose stack     at async C:\Program Files\nodejs\node_modules\npm\node_modules\pacote\lib\git.js:262:19
862 verbose stack     at async Object.withTempDir (C:\Program Files\nodejs\node_modules\npm\node_modules\@npmcli\fs\lib\with-temp-dir.js:23:14)
862 verbose stack     at async [nodeFromEdge] (C:\Program Files\nodejs\node_modules\npm\node_modules\@npmcli\arborist\lib\arborist\build-ideal-tree.js:1061:19)
862 verbose stack     at async [buildDepStep] (C:\Program Files\nodejs\node_modules\npm\node_modules\@npmcli\arborist\lib\arborist\build-ideal-tree.js:930:11)
862 verbose stack     at async Arborist.buildIdealTree (C:\Program Files\nodejs\node_modules\npm\node_modules\@npmcli\arborist\lib\arborist\build-ideal-tree.js:211:7)
862 verbose stack     at async Promise.all (index 1)
862 verbose stack     at async Arborist.reify (C:\Program Files\nodejs\node_modules\npm\node_modules\@npmcli\arborist\lib\arborist\reify.js:153:5)
863 verbose cwd D:\Land-Registration-with-Blockchain-master\client\npm-cache\_cacache\tmp\git-cloneHCHXMS
864 verbose Windows_NT 10.0.26200
865 verbose node v18.12.0
866 verbose npm  v8.19.2
867 error code 1
868 error The git reference could not be found
869 error command git --no-replace-objects checkout 4.0
870 error error: pathspec '4.0' did not match any file(s) known to git
871 verbose exit 1
872 timing npm Completed in 8464ms
873 verbose unfinished npm timer reify 1774959219129
874 verbose unfinished npm timer reify:loadTrees 1774959219132
875 verbose code 1
876 error A complete log of this run can be found in:
876 error     D:\Land-Registration-with-Blockchain-master\client\npm-cache\_logs\2026-03-31T12_13_38_908Z-debug-0.log
